Using CPython 3.12.13
Creating virtual environment at: .venv
Resolved 293 packages in 0.81ms
   Building newton @ file:///home/simx2204/Workspace/DynamicTofu/newton
warning: `build_system.requires = ["uv_build>=0.11.0"]` is missing an upper bound on the `uv_build` version such as `<0.12`. Without bounding the `uv_build` version, the source distribution will break when a future, breaking version of `uv_build` is released.
      Built newton @ file:///home/simx2204/Workspace/DynamicTofu/newton
Downloading scipy (33.6MiB)
Downloading dash (6.9MiB)
Downloading shapely (3.0MiB)
Downloading imgui-bundle (12.7MiB)
Downloading ml-dtypes (4.8MiB)
Downloading open3d (426.9MiB)
Downloading usd-core (27.1MiB)
Downloading onnx (18.2MiB)
Downloading scikit-learn (8.7MiB)
Downloading mujoco (18.0MiB)
Downloading mujoco-warp (2.1MiB)
Downloading virtualenv (7.3MiB)
Downloading plotly (9.4MiB)
Downloading warp-lang (154.4MiB)
 Downloaded mujoco-warp
 Downloaded shapely
 Downloaded ml-dtypes
 Downloaded dash
 Downloaded virtualenv
 Downloaded scikit-learn
 Downloaded plotly
 Downloaded imgui-bundle
 Downloaded mujoco
 Downloaded onnx
 Downloaded usd-core
 Downloaded scipy
 Downloaded warp-lang
 Downloaded open3d
Prepared 56 packages in 17.99s
Installed 101 packages in 80ms
 + absl-py==2.4.0
 + addict==2.4.0
 + alphashape==1.3.1
 + asv==0.6.5
 + asv-runner==0.2.1
 + attrs==26.1.0
 + blinker==1.9.0
 + build==1.5.0
 + cbor2==6.1.2
 + certifi==2026.5.20
 + charset-normalizer==3.4.7
 + click==8.4.1
 + click-log==0.4.0
 + coacd==1.0.11
 + configargparse==1.7.5
 + contourpy==1.3.3
 + cycler==0.12.1
 + dash==4.2.0
 + distlib==0.4.3
 + etils==1.14.0
 + fast-simplification==0.1.13
 + fastjsonschema==2.21.2
 + filelock==3.29.3
 + flask==3.1.3
 + fonttools==4.63.0
 + fsspec==2026.4.0
 + gitdb==4.0.12
 + gitpython==3.1.59
 + glfw==2.10.0
 + idna==3.18
 + imgui-bundle==1.92.801
 + importlib-metadata==9.0.0
 + itsdangerous==2.2.0
 + janus==2.0.0
 + jinja2==3.1.6
 + joblib==1.5.3
 + json5==0.14.0
 + jsonschema==4.26.0
 + jsonschema-specifications==2025.9.1
 + jupyter-core==5.9.1
 + kiwisolver==1.5.0
 + markdown-it-py==4.2.0
 + markupsafe==3.0.3
 + matplotlib==3.11.0
 + mdurl==0.1.2
 + meshio==5.3.5
 + ml-dtypes==0.5.4
 + mujoco==3.11.0
 + mujoco-warp==3.11.0
 + narwhals==2.22.1
 + nbformat==5.10.4
 + nest-asyncio==1.6.0
 + networkx==3.6.1
 + newton==1.6.0.dev0 (from file:///home/simx2204/Workspace/DynamicTofu/newton)
 + newton-usd-schemas==0.5.0
 + numpy==2.5.0
 + onnx==1.22.0
 + open3d==0.19.0
 + packaging==26.2
 + pandas==3.0.3
 + pillow==12.3.0
 + platformdirs==4.10.0
 + plotly==6.8.0
 + protobuf==7.35.1
 + pycollada==0.9.3
 + pyglet==2.1.14
 + pygments==2.20.0
 + pympler==1.1
 + pyopengl==3.1.10
 + pyparsing==3.3.2
 + pyproject-hooks==1.2.0
 + pyquaternion==0.9.9
 + python-dateutil==2.9.0.post0
 + python-discovery==1.4.2
 + pyyaml==6.0.3
 + referencing==0.37.0
 + requests==2.34.2
 + resolve-robotics-uri-py==0.4.1
 + retrying==1.4.2
 + rich==14.3.4
 + rpds-py==2026.5.1
 + rtree==1.4.1
 + scikit-learn==1.9.0
 + scipy==1.17.1
 + setuptools==83.0.0
 + shapely==2.1.2
 + six==1.17.0
 + smmap==5.0.3
 + tabulate==0.10.0
 + threadpoolctl==3.6.0
 + tqdm==4.68.2
 + traitlets==5.15.1
 + trimesh==4.12.2
 + typing-extensions==4.15.0
 + urllib3==2.7.0
 + usd-core==26.3
 + virtualenv==21.4.3
 + warp-lang==1.17.0.dev20260807
 + warp-nn==0.3.1
 + werkzeug==3.1.8
 + zipp==4.1.0
uv sync wall-clock: 0:18.13
