Warp 1.17.0.dev20260807 initialized:
   CUDA Toolkit 12.9, Driver 13.1
   Devices:
     "cpu"      : "x86_64"
     "cuda:0"   : "NVIDIA RTX PRO 6000 Blackwell Workstation Edition" (95 GiB, sm_120, mempool enabled)
   Kernel cache:
     /home/simx2204/.cache/warp/1.17.0.dev20260807
Module warp._src.coloring 0a2f0aa load on device 'cpu' took 0.93 ms  (cached)
Module newton._src.utils.mesh 3a50b9a load on device 'cpu' took 0.21 ms  (cached)
Module validate_and_correct_inertia_kernel_5e18b3cd 5e18b3c load on device 'cuda:0' took 0.41 ms  (cached)
/home/simx2204/Workspace/DynamicTofu/newton/../scripts/vbd/../../src/vbd_rig2.py:97: UserWarning: Inertia validation corrected 1 bodies. Set validate_inertia_detailed=True for detailed per-body warnings.
  self.model = builder.finalize()
Module newton._src.geometry.bvh 519a3cd load on device 'cuda:0' took 0.55 ms  (cached)
Module newton._src.sim.articulation 9be914f load on device 'cuda:0' took 4.19 ms  (cached)
Module newton._src.solvers.vbd.rigid_vbd_kernels 87e3500 load on device 'cpu' took 0.26 ms  (cached)
Module newton._src.solvers.vbd.rigid_vbd_kernels ad8ab2a load on device 'cuda:0' took 4.91 ms  (cached)
Module newton._src.solvers.solver db37500 load on device 'cuda:0' took 0.47 ms  (cached)
Module newton._src.sim.collide 7328fa3 load on device 'cuda:0' took 0.53 ms  (cached)
Module newton._src.geometry.broad_phase_nxn a474f53 load on device 'cuda:0' took 0.32 ms  (cached)
Module narrow_phase_primitive_write_contact_False_False_False 60c6491 load on device 'cuda:0' took 0.46 ms  (cached)
Module narrow_phase_gjk_mpr_True_False_write_contact_support_map_lean_post_process_minkowski_only e4334c3 load on device 'cuda:0' took 1.48 ms  (cached)
Module newton._src.geometry.narrow_phase 85093bd load on device 'cuda:0' took 0.55 ms  (cached)
Module newton._src.geometry.kernels 16409c5 load on device 'cuda:0' took 2.10 ms  (cached)
Module newton._src.geometry.soft_contacts_sdf ddf9714 load on device 'cuda:0' took 2.76 ms  (cached)
Module newton._src.solvers.xpbd.kernels 0721ed5 load on device 'cuda:0' took 5.53 ms  (cached)
Module newton._src.solvers.vbd.particle_vbd_kernels 78ac8a5 load on device 'cuda:0' took 1.36 ms  (cached)
Module newton._src.solvers.vbd.particle_vbd_kernels e341387 load on device 'cuda:0' took 1.26 ms  (cached)
E=100kPa F=0.45N: slip=50.13mm held=False pre_xy=1.24mm surf_pen=23.07mm fvy=0.0 Fn_eq_ok=False
E=100kPa F=0.6N: slip=24.42mm held=False pre_xy=1.23mm surf_pen=0.19mm fvy=0.0 Fn_eq_ok=False
E=100kPa F=0.8N: slip=16.12mm held=False pre_xy=1.23mm surf_pen=0.18mm fvy=0.0 Fn_eq_ok=False
E=100kPa F=2.0N: slip=1.01mm held=True pre_xy=1.24mm surf_pen=0.07mm fvy=0.0001 Fn_eq_ok=True
E=200kPa F=0.45N: slip=50.12mm held=False pre_xy=1.48mm surf_pen=23.05mm fvy=0.0 Fn_eq_ok=False
E=200kPa F=0.6N: slip=29.14mm held=False pre_xy=1.47mm surf_pen=0.12mm fvy=0.0 Fn_eq_ok=False
E=200kPa F=0.8N: slip=19.51mm held=False pre_xy=1.48mm surf_pen=0.1mm fvy=0.0 Fn_eq_ok=False
E=200kPa F=2.0N: slip=7.97mm held=False pre_xy=1.86mm surf_pen=0.15mm fvy=0.0001 Fn_eq_ok=False

subNewton_hard_gate_pass: False | any_pass_100_200: True | min_hold_force_E100: 2.0
