Warp 1.17.0.dev20260807 initialized:
   CUDA Toolkit 12.9, Driver 13.1
   Devices:
     "cpu"      : "x86_64"
     "cuda:0"   : "NVIDIA RTX PRO 6000 Blackwell Workstation Edition" (95 GiB, sm_120, mempool enabled)
   Kernel cache:
     /home/simx2204/.cache/warp/1.17.0.dev20260807
Module warp._src.coloring 0a2f0aa load on device 'cpu' took 0.92 ms  (cached)
Module newton._src.utils.mesh 3a50b9a load on device 'cpu' took 0.24 ms  (cached)
Module validate_and_correct_inertia_kernel_5e18b3cd 5e18b3c load on device 'cuda:0' took 0.41 ms  (cached)
/home/simx2204/Workspace/DynamicTofu/newton/../scripts/vbd/../../src/vbd_rig2.py:98: UserWarning: Inertia validation corrected 1 bodies. Set validate_inertia_detailed=True for detailed per-body warnings.
  self.model = builder.finalize()
Module newton._src.geometry.bvh 519a3cd load on device 'cuda:0' took 0.55 ms  (cached)
Module newton._src.sim.articulation 9be914f load on device 'cuda:0' took 3.92 ms  (cached)
Module newton._src.solvers.vbd.rigid_vbd_kernels 87e3500 load on device 'cpu' took 0.27 ms  (cached)
Module newton._src.solvers.vbd.rigid_vbd_kernels ad8ab2a load on device 'cuda:0' took 4.86 ms  (cached)
Module newton._src.solvers.solver db37500 load on device 'cuda:0' took 0.49 ms  (cached)
Module newton._src.sim.collide 7328fa3 load on device 'cuda:0' took 0.48 ms  (cached)
Module newton._src.geometry.broad_phase_nxn a474f53 load on device 'cuda:0' took 0.32 ms  (cached)
Module narrow_phase_primitive_write_contact_False_False_False 60c6491 load on device 'cuda:0' took 0.46 ms  (cached)
Module narrow_phase_gjk_mpr_True_False_write_contact_support_map_lean_post_process_minkowski_only e4334c3 load on device 'cuda:0' took 1.48 ms  (cached)
Module newton._src.geometry.narrow_phase 85093bd load on device 'cuda:0' took 0.56 ms  (cached)
Module newton._src.geometry.kernels 16409c5 load on device 'cuda:0' took 2.14 ms  (cached)
Module newton._src.geometry.soft_contacts_sdf ddf9714 load on device 'cuda:0' took 2.73 ms  (cached)
Module newton._src.solvers.xpbd.kernels 0721ed5 load on device 'cuda:0' took 5.46 ms  (cached)
Module newton._src.solvers.vbd.particle_vbd_kernels 78ac8a5 load on device 'cuda:0' took 1.35 ms  (cached)
Module newton._src.solvers.vbd.particle_vbd_kernels e341387 load on device 'cuda:0' took 1.26 ms  (cached)
E7_F0.4: slip slip=11.38mm load_frac=0.785 peak_strain=0.1163 p99=0.06 contacts=12 bbox=[0.0416, 0.0408, 0.0419]
E7_F0.6: slip slip=2.36mm load_frac=0.523 peak_strain=0.1163 p99=0.0579 contacts=12 bbox=[0.0415, 0.0401, 0.0419]
E7_F0.8: intact slip=1.32mm load_frac=0.392 peak_strain=0.1163 p99=0.0642 contacts=12 bbox=[0.0418, 0.0395, 0.0422]
E7_F1.0: intact slip=1.05mm load_frac=0.314 peak_strain=0.1163 p99=0.0726 contacts=12 bbox=[0.0421, 0.0392, 0.0425]
E7_F1.2: intact slip=0.9mm load_frac=0.262 peak_strain=0.134 p99=0.0825 contacts=12 bbox=[0.0424, 0.0389, 0.0429]
E7_F1.5: intact slip=0.9mm load_frac=0.209 peak_strain=0.1583 p99=0.0969 contacts=12 bbox=[0.0428, 0.0386, 0.0433]
E7_F2.0: intact slip=1.11mm load_frac=0.157 peak_strain=0.2528 p99=0.1264 contacts=12 bbox=[0.0436, 0.0383, 0.0439]
E15_F0.4: slip slip=10.85mm load_frac=0.785 peak_strain=0.0811 p99=0.0265 contacts=12 bbox=[0.0407, 0.0404, 0.0409]
E15_F0.6: slip slip=2.21mm load_frac=0.523 peak_strain=0.0811 p99=0.0263 contacts=12 bbox=[0.0407, 0.04, 0.0409]
E15_F0.8: intact slip=1.24mm load_frac=0.392 peak_strain=0.0811 p99=0.0285 contacts=12 bbox=[0.0409, 0.0398, 0.041]
E15_F1.0: intact slip=0.86mm load_frac=0.314 peak_strain=0.0811 p99=0.0314 contacts=12 bbox=[0.041, 0.0395, 0.0412]
E15_F1.2: intact slip=0.63mm load_frac=0.262 peak_strain=0.0811 p99=0.0353 contacts=12 bbox=[0.0412, 0.0393, 0.0414]
E15_F1.5: intact slip=0.49mm load_frac=0.209 peak_strain=0.0815 p99=0.0419 contacts=12 bbox=[0.0414, 0.0391, 0.0416]
E15_F2.0: intact slip=0.41mm load_frac=0.157 peak_strain=0.1095 p99=0.0529 contacts=12 bbox=[0.0417, 0.0388, 0.042]
E25_F0.4: slip slip=10.72mm load_frac=0.785 peak_strain=0.1347 p99=0.0156 contacts=12 bbox=[0.0404, 0.0402, 0.0406]
E25_F0.6: slip slip=2.23mm load_frac=0.523 peak_strain=0.1349 p99=0.0155 contacts=12 bbox=[0.0404, 0.04, 0.0405]
E25_F0.8: intact slip=1.26mm load_frac=0.392 peak_strain=0.1349 p99=0.0166 contacts=12 bbox=[0.0406, 0.0399, 0.0407]
E25_F1.0: intact slip=0.87mm load_frac=0.314 peak_strain=0.1349 p99=0.0183 contacts=12 bbox=[0.0406, 0.0397, 0.0408]
E25_F1.2: intact slip=0.68mm load_frac=0.262 peak_strain=0.1349 p99=0.0206 contacts=12 bbox=[0.0407, 0.0396, 0.0408]
E25_F1.5: intact slip=0.51mm load_frac=0.209 peak_strain=0.1347 p99=0.0245 contacts=12 bbox=[0.0409, 0.0394, 0.041]
E25_F2.0: intact slip=0.36mm load_frac=0.157 peak_strain=0.1349 p99=0.0312 contacts=12 bbox=[0.0411, 0.0392, 0.0413]

BOUNDARY CELLS (need 3-seed): ['E15_F0.6', 'E15_F0.8', 'E25_F0.6', 'E25_F0.8', 'E7_F0.6', 'E7_F0.8']
