Warp 1.17.0.dev20260807 initialized:
   CUDA Toolkit 12.9, Driver 13.1
   Devices:
     "cpu"      : "x86_64"
     "cuda:0"   : "NVIDIA RTX PRO 6000 Blackwell Workstation Edition" (95 GiB, sm_120, mempool enabled)
   Kernel cache:
     /home/simx2204/.cache/warp/1.17.0.dev20260807
Module warp._src.coloring 0a2f0aa load on device 'cpu' took 0.95 ms  (cached)
Module newton._src.utils.mesh 3a50b9a load on device 'cpu' took 0.25 ms  (cached)
Module validate_and_correct_inertia_kernel_5e18b3cd 5e18b3c load on device 'cuda:0' took 0.42 ms  (cached)
/home/simx2204/Workspace/DynamicTofu/newton/../scripts/vbd/../../src/vbd_rig2.py:98: UserWarning: Inertia validation corrected 1 bodies. Set validate_inertia_detailed=True for detailed per-body warnings.
  self.model = builder.finalize()
Module newton._src.geometry.bvh 519a3cd load on device 'cuda:0' took 0.54 ms  (cached)
Module newton._src.sim.articulation 9be914f load on device 'cuda:0' took 4.03 ms  (cached)
Module newton._src.solvers.vbd.rigid_vbd_kernels 87e3500 load on device 'cpu' took 0.28 ms  (cached)
Module newton._src.solvers.vbd.rigid_vbd_kernels ad8ab2a load on device 'cuda:0' took 5.09 ms  (cached)
Module newton._src.solvers.solver db37500 load on device 'cuda:0' took 0.48 ms  (cached)
Module newton._src.sim.collide 7328fa3 load on device 'cuda:0' took 0.43 ms  (cached)
Module newton._src.geometry.broad_phase_nxn a474f53 load on device 'cuda:0' took 0.32 ms  (cached)
Module narrow_phase_primitive_write_contact_False_False_False 60c6491 load on device 'cuda:0' took 0.47 ms  (cached)
Module narrow_phase_gjk_mpr_True_False_write_contact_support_map_lean_post_process_minkowski_only e4334c3 load on device 'cuda:0' took 1.50 ms  (cached)
Module newton._src.geometry.narrow_phase 85093bd load on device 'cuda:0' took 0.56 ms  (cached)
Module newton._src.geometry.kernels 16409c5 load on device 'cuda:0' took 2.05 ms  (cached)
Module newton._src.geometry.soft_contacts_sdf ddf9714 load on device 'cuda:0' took 2.70 ms  (cached)
Module newton._src.solvers.xpbd.kernels 0721ed5 load on device 'cuda:0' took 5.37 ms  (cached)
Module newton._src.solvers.vbd.particle_vbd_kernels 78ac8a5 load on device 'cuda:0' took 1.36 ms  (cached)
Module newton._src.solvers.vbd.particle_vbd_kernels e341387 load on device 'cuda:0' took 1.28 ms  (cached)
meshconv E15_F1.0: h5 slip=0.86 p99=0.0314 | h4 slip=0.77 p99=0.0333 label_inv=True
meshconv E7_F1.5: h5 slip=0.97 p99=0.099 | h4 slip=0.81 p99=0.1015 label_inv=True
clip hold E15/F1.0: slip=0.86mm label=intact peak_strain=0.0811
clip slip E7/F0.4: slip=11.38mm label=slip peak_strain=0.1163
clip highstrain E7/F2.0: slip=1.1mm label=intact peak_strain=0.2615
finalize done -> tofu_meshconv.json + clip frames
